// Jest Snapshot v1, https://goo.gl/fbAQLP

exports[`<ChecklistLink /> ChecklistLink renders correctly 1`] = `
<View
  accessibilityState={
    {
      "busy": undefined,
      "checked": undefined,
      "disabled": undefined,
      "expanded": undefined,
      "selected": undefined,
    }
  }
  accessibilityValue={
    {
      "max": undefined,
      "min": undefined,
      "now": undefined,
      "text": undefined,
    }
  }
  accessible={true}
  collapsable={false}
  focusable={true}
  onBlur={[Function]}
  onClick={[Function]}
  onFocus={[Function]}
  onResponderGrant={[Function]}
  onResponderMove={[Function]}
  onResponderRelease={[Function]}
  onResponderTerminate={[Function]}
  onResponderTerminationRequest={[Function]}
  onStartShouldSetResponder={[Function]}
  style={
    [
      {
        "alignItems": "center",
        "borderColor": "black",
        "borderWidth": 1,
        "flexDirection": "row",
        "justifyContent": "space-between",
      },
      {
        "height": 95.28571428571429,
      },
      {},
      {},
    ]
  }
>
  <Text
    style={
      {
        "fontSize": 25,
        "marginStart": 10,
      }
    }
  >
    default checklist
  </Text>
  <View
    style={
      [
        {
          "alignItems": "center",
          "flexDirection": "row",
        },
        {
          "height": 95.28571428571429,
        },
      ]
    }
  >
    <View
      accessibilityState={
        {
          "busy": undefined,
          "checked": undefined,
          "disabled": undefined,
          "expanded": undefined,
          "selected": undefined,
        }
      }
      accessibilityValue={
        {
          "max": undefined,
          "min": undefined,
          "now": undefined,
          "text": undefined,
        }
      }
      accessible={true}
      collapsable={false}
      focusable={true}
      onBlur={[Function]}
      onClick={[Function]}
      onFocus={[Function]}
      onResponderGrant={[Function]}
      onResponderMove={[Function]}
      onResponderRelease={[Function]}
      onResponderTerminate={[Function]}
      onResponderTerminationRequest={[Function]}
      onStartShouldSetResponder={[Function]}
      style={
        [
          {
            "alignItems": "center",
            "borderStartColor": "black",
            "borderStartWidth": 1,
            "justifyContent": "center",
          },
          {
            "height": 95.28571428571429,
            "width": 95.28571428571429,
          },
        ]
      }
    >
      <Text />
    </View>
    <View
      accessibilityState={
        {
          "busy": undefined,
          "checked": undefined,
          "disabled": undefined,
          "expanded": undefined,
          "selected": undefined,
        }
      }
      accessibilityValue={
        {
          "max": undefined,
          "min": undefined,
          "now": undefined,
          "text": undefined,
        }
      }
      accessible={true}
      collapsable={false}
      focusable={true}
      onBlur={[Function]}
      onClick={[Function]}
      onFocus={[Function]}
      onResponderGrant={[Function]}
      onResponderMove={[Function]}
      onResponderRelease={[Function]}
      onResponderTerminate={[Function]}
      onResponderTerminationRequest={[Function]}
      onStartShouldSetResponder={[Function]}
      style={
        [
          {
            "alignItems": "center",
            "borderStartColor": "black",
            "borderStartWidth": 1,
            "justifyContent": "center",
          },
          {
            "height": 95.28571428571429,
            "width": 95.28571428571429,
          },
        ]
      }
    >
      <Text />
    </View>
  </View>
</View>
`;
