// Jest Snapshot v1, https://goo.gl/fbAQLP

exports[`<TitleInput /> TitleInput renders correctly 1`] = `
<View
  style={
    {
      "flexDirection": "row",
      "marginVertical": 10,
    }
  }
>
  <TextInput
    maxLength={16}
    onChangeText={[Function]}
    style={
      {
        "borderColor": "black",
        "borderRadius": 10,
        "borderWidth": 1,
        "fontSize": 24,
        "width": "100%",
      }
    }
    value="title"
  />
</View>
`;
